[INFO] Scanning for projects...
[WARNING] 
[WARNING] Some problems were encountered while building the effective model for com.qaautomation:ui_automation:jar:1.0-SNAPSHOT
[WARNING] 'dependencies.dependency.(groupId:artifactId:type:classifier)' must be unique: commons-io:commons-io:jar -> duplicate declaration of version 2.18.0 @ line 97, column 17
[WARNING] 'build.pluginManagement.plugins.plugin.(groupId:artifactId)' must be unique but found duplicate declaration of plugin org.apache.maven.plugins:maven-surefire-plugin @ line 231, column 17
[WARNING] 
[WARNING] It is highly recommended to fix these problems because they threaten the stability of your build.
[WARNING] 
[WARNING] For this reason, future Maven versions might no longer support building such malformed projects.
[WARNING] 
[INFO] 
[INFO] -------------------< com.qaautomation:ui_automation >-------------------
[INFO] Building ui_automation 1.0-SNAPSHOT
[INFO]   from pom.xml
[INFO] --------------------------------[ jar ]---------------------------------
[INFO] 
[INFO] --- resources:3.3.1:resources (default-resources) @ ui_automation ---
[INFO] Copying 1 resource from src\main\resources to target\classes
[INFO] 
[INFO] --- compiler:3.13.0:compile (default-compile) @ ui_automation ---
[INFO] Nothing to compile - all classes are up to date.
[INFO] 
[INFO] --- resources:3.3.1:testResources (default-testResources) @ ui_automation ---
[INFO] Copying 3 resources from src\test\resources to target\test-classes
[INFO] 
[INFO] --- compiler:3.13.0:testCompile (default-testCompile) @ ui_automation ---
[INFO] Nothing to compile - all classes are up to date.
[INFO] 
[INFO] --- surefire:3.1.2:test (default-test) @ ui_automation ---
[INFO] Using auto detected provider org.apache.maven.surefire.testng.TestNGProvider
[INFO] 
[INFO] -------------------------------------------------------
[INFO]  T E S T S
[INFO] -------------------------------------------------------
[INFO] Running TestSuite
Key is: ProjectNamevalue is: UI Test Automation Framework
Key is: ProjectNamevalue is: UI Test Automation Framework
2025-04-01T22:12:13,854 [main] INFO : ? Test Execution Started for Suite: Suite
2025-04-01T22:12:13,854 [main] INFO : Start Time: 2025-04-01 10:12:13 PM
Key is: Envvalue is: Local
Key is: Browservalue is: Chrome
Key is: Environmentvalue is: Qa
2025-04-01T22:12:14,105 [main] INFO : Using chromedriver 134.0.6998.165 (resolved driver for Chrome 134)
2025-04-01T22:12:14,115 [main] INFO : Exporting webdriver.chrome.driver as C:\Users\anild\.cache\selenium\chromedriver\win64\134.0.6998.165\chromedriver.exe
mvn : Apr 01, 2025 10:12:15 PM org.openqa.selenium.devtools.CdpVersionFinder findNearestMatch
At line:1 char:1
+ mvn test > test.log 2>&1
+ ~~~~~~~~~~~~~~~~~~~~~~~~
    + CategoryInfo          : NotSpecified: (Apr 01, 2025 10...indNearestMatch:String) [], RemoteException
    + FullyQualifiedErrorId : NativeCommandError
 
WARNING: Unable to find an exact match for CDP version 134, returning the closest version; found: 132; Please update to a Selenium version that supports CDP version 134
2025-04-01T22:12:15,524 [main] INFO : ? Test Started: verify_search_functionality
{Testname=Test, Items=Cauliflower, URL=https://www.amazon.in/}
2025-04-01T22:12:16,208 [main] INFO : ? Navigating to URL: https://www.amazon.in/
2025-04-01T22:12:17,933 [main] INFO : ? Page loaded successfully: https://www.amazon.in/
2025-04-01T22:12:17,948 [Thread-5] INFO : ? Page is still loading...
2025-04-01T22:12:17,966 [main] INFO : ? Searching for element: By.xpath: //input[@name='field-keywords1'] (Attempt 1/10)
2025-04-01T22:12:19,017 [main] INFO : ? Searching for element: By.xpath: //input[@name='field-keywords1'] (Attempt 2/10)
2025-04-01T22:12:20,036 [main] INFO : ? Searching for element: By.xpath: //input[@name='field-keywords1'] (Attempt 3/10)
2025-04-01T22:12:21,045 [main] INFO : ? Searching for element: By.xpath: //input[@name='field-keywords1'] (Attempt 4/10)
2025-04-01T22:12:22,058 [main] INFO : ? Searching for element: By.xpath: //input[@name='field-keywords1'] (Attempt 5/10)
2025-04-01T22:12:22,958 [Thread-5] INFO : ? Page has fully loaded.
2025-04-01T22:12:23,063 [main] INFO : ? Searching for element: By.xpath: //input[@name='field-keywords1'] (Attempt 6/10)
2025-04-01T22:12:24,073 [main] INFO : ? Searching for element: By.xpath: //input[@name='field-keywords1'] (Attempt 7/10)
2025-04-01T22:12:25,091 [main] INFO : ? Searching for element: By.xpath: //input[@name='field-keywords1'] (Attempt 8/10)
2025-04-01T22:12:26,098 [main] INFO : ? Searching for element: By.xpath: //input[@name='field-keywords1'] (Attempt 9/10)
2025-04-01T22:12:27,110 [main] INFO : ? Searching for element: By.xpath: //input[@name='field-keywords1'] (Attempt 10/10)
2025-04-01T22:12:28,113 [main] INFO : ? Searching for element with locator: By.xpath: //input[@name='field-keywords1']
2025-04-01T22:12:28,113 [main] WARN : ?? Element not found using primary locator within timeout: By.xpath: //input[@name='field-keywords1']
2025-04-01T22:12:28,135 [main] INFO : ? Element found after 1 seconds: By.xpath: //input[@name='field-keywords']
2025-04-01T22:12:28,135 [main] INFO : ? Searching for element with locator: By.xpath: //input[@name='field-keywords']
2025-04-01T22:12:28,153 [main] INFO : ? Found element using secondary locator: By.xpath: //input[@name='field-keywords']
2025-04-01T22:12:28,169 [main] INFO : ? Attempting to click element: [[ChromeDriver: chrome on windows (c92537937b6549344f12fbc7fe4255c5)] -> xpath: //input[@name='field-keywords']]
2025-04-01T22:12:28,243 [main] INFO : ? Clicked element: [[ChromeDriver: chrome on windows (c92537937b6549344f12fbc7fe4255c5)] -> xpath: //input[@name='field-keywords']]
2025-04-01T22:12:28,251 [main] INFO : ? Searching for element: By.xpath: //input[@name='field-keywords1'] (Attempt 1/10)
2025-04-01T22:12:29,261 [main] INFO : ? Searching for element: By.xpath: //input[@name='field-keywords1'] (Attempt 2/10)
2025-04-01T22:12:30,274 [main] INFO : ? Searching for element: By.xpath: //input[@name='field-keywords1'] (Attempt 3/10)
2025-04-01T22:12:31,293 [main] INFO : ? Searching for element: By.xpath: //input[@name='field-keywords1'] (Attempt 4/10)
2025-04-01T22:12:32,306 [main] INFO : ? Searching for element: By.xpath: //input[@name='field-keywords1'] (Attempt 5/10)
2025-04-01T22:12:33,317 [main] INFO : ? Searching for element: By.xpath: //input[@name='field-keywords1'] (Attempt 6/10)
2025-04-01T22:12:34,326 [main] INFO : ? Searching for element: By.xpath: //input[@name='field-keywords1'] (Attempt 7/10)
2025-04-01T22:12:35,375 [main] INFO : ? Searching for element: By.xpath: //input[@name='field-keywords1'] (Attempt 8/10)
2025-04-01T22:12:36,389 [main] INFO : ? Searching for element: By.xpath: //input[@name='field-keywords1'] (Attempt 9/10)
2025-04-01T22:12:37,399 [main] INFO : ? Searching for element: By.xpath: //input[@name='field-keywords1'] (Attempt 10/10)
2025-04-01T22:12:38,414 [main] INFO : ? Searching for element with locator: By.xpath: //input[@name='field-keywords1']
2025-04-01T22:12:38,414 [main] WARN : ?? Element not found using primary locator within timeout: By.xpath: //input[@name='field-keywords1']
2025-04-01T22:12:38,414 [main] INFO : ? Element found after 1 seconds: By.xpath: //input[@name='field-keywords']
2025-04-01T22:12:38,414 [main] INFO : ? Searching for element with locator: By.xpath: //input[@name='field-keywords']
2025-04-01T22:12:38,430 [main] INFO : ? Found element using secondary locator: By.xpath: //input[@name='field-keywords']
2025-04-01T22:12:38,430 [main] INFO : ?? Attempting to type 'Cauliflower' into element: [[ChromeDriver: chrome on windows (c92537937b6549344f12fbc7fe4255c5)] -> xpath: //input[@name='field-keywords']]
2025-04-01T22:12:38,497 [main] INFO : ? Successfully typed 'Cauliflower' into element: [[ChromeDriver: chrome on windows (c92537937b6549344f12fbc7fe4255c5)] -> xpath: //input[@name='field-keywords']]
2025-04-01T22:12:38,506 [main] INFO : ? Element found after 1 seconds: By.xpath: //input[@id='nav-search-submit-button']
2025-04-01T22:12:38,506 [main] INFO : ? Searching for element with locator: By.xpath: //input[@id='nav-search-submit-button']
2025-04-01T22:12:38,516 [main] INFO : ? Found element using primary locator: By.xpath: //input[@id='nav-search-submit-button']
2025-04-01T22:12:38,516 [main] INFO : ? Attempting to click element: [[ChromeDriver: chrome on windows (c92537937b6549344f12fbc7fe4255c5)] -> xpath: //input[@id='nav-search-submit-button']]
2025-04-01T22:12:40,289 [main] INFO : ? Clicked element: [[ChromeDriver: chrome on windows (c92537937b6549344f12fbc7fe4255c5)] -> xpath: //input[@id='nav-search-submit-button']]
2025-04-01T22:12:40,291 [main] INFO : ? Test Passed: verify_search_functionality
2025-04-01T22:12:40,459 [main] INFO : ? Test Execution Finished for Suite: Suite
Total: 1, Passed: 1, Failed: 0
2025-04-01T22:12:40,459 [main] INFO : End Time: 2025-04-01 10:12:40 PM
Report copied to: C:\Users\anild\IdeaProjects\ui_automation\HtmlReports\ReportsBackup\ExtentReport_Tue_Apr_01_22-12-13_IST_2025.html
Key is: EmailSetUpvalue is: Yes
2025-04-01T22:12:40,697 [main] ERROR: C:\Users\anild\IdeaProjects\ui_automation\target\surefire-reports\jquery-3.6.0.min.js
java.nio.file.FileAlreadyExistsException: C:\Users\anild\IdeaProjects\ui_automation\target\surefire-reports\jquery-3.6.0.min.js
	at java.base/sun.nio.fs.WindowsException.translateToIOException(WindowsException.java:87) ~[?:?]
	at java.base/sun.nio.fs.WindowsException.rethrowAsIOException(WindowsException.java:103) ~[?:?]
	at java.base/sun.nio.fs.WindowsException.rethrowAsIOException(WindowsException.java:108) ~[?:?]
	at java.base/sun.nio.fs.WindowsFileSystemProvider.newByteChannel(WindowsFileSystemProvider.java:234) ~[?:?]
	at java.base/java.nio.file.spi.FileSystemProvider.newOutputStream(FileSystemProvider.java:482) ~[?:?]
	at java.base/java.nio.file.Files.newOutputStream(Files.java:227) ~[?:?]
	at java.base/java.nio.file.Files.copy(Files.java:3140) ~[?:?]
	at org.testng.reporters.jq.Main.generateReport(Main.java:95) [testng-7.6.1.jar:7.6.1]
	at org.testng.TestNG.generateReports(TestNG.java:1134) [testng-7.6.1.jar:7.6.1]
	at org.testng.TestNG.run(TestNG.java:1072) [testng-7.6.1.jar:7.6.1]
	at org.apache.maven.surefire.testng.TestNGExecutor.run(TestNGExecutor.java:308) [surefire-testng-3.1.2.jar:3.1.2]
	at org.apache.maven.surefire.testng.TestNGXmlTestSuite.execute(TestNGXmlTestSuite.java:71) [surefire-testng-3.1.2.jar:3.1.2]
	at org.apache.maven.surefire.testng.TestNGProvider.invoke(TestNGProvider.java:113) [surefire-testng-3.1.2.jar:3.1.2]
	at org.apache.maven.surefire.booter.ForkedBooter.runSuitesInProcess(ForkedBooter.java:385) [surefire-booter-3.1.2.jar:3.1.2]
	at org.apache.maven.surefire.booter.ForkedBooter.execute(ForkedBooter.java:162) [surefire-booter-3.1.2.jar:3.1.2]
	at org.apache.maven.surefire.booter.ForkedBooter.run(ForkedBooter.java:507) [surefire-booter-3.1.2.jar:3.1.2]
	at org.apache.maven.surefire.booter.ForkedBooter.main(ForkedBooter.java:495) [surefire-booter-3.1.2.jar:3.1.2]
[INFO] Tests run: 1, Failures: 0, Errors: 0, Skipped: 0, Time elapsed: 27.56 s -- in TestSuite
[INFO] 
[INFO] Results:
[INFO] 
[INFO] Tests run: 1, Failures: 0, Errors: 0, Skipped: 0
[INFO] 
[INFO] ------------------------------------------------------------------------
[INFO] BUILD SUCCESS
[INFO] ------------------------------------------------------------------------
[INFO] Total time:  29.826 s
[INFO] Finished at: 2025-04-01T22:12:41+05:30
[INFO] ------------------------------------------------------------------------
